[CDM] java.io.tmpdir = C:\CDMTemp\

  .   ____          _            __ _ _
 /\\ / ___'_ __ _ _(_)_ __  __ _ \ \ \ \
( ( )\___ | '_ | '_| | '_ \/ _` | \ \ \ \
 \\/  ___)| |_)| | | | | || (_| |  ) ) ) )
  '  |____| .__|_| |_|_| |_\__, | / / / /
 =========|_|==============|___/=/_/_/_/

 :: Spring Boot ::                (v3.3.5)

2026-06-05T23:37:05.850+05:30  INFO 17500 --- [           main] com.cdm.CdmApplication                   : Starting CdmApplication v1.0.0 using Java 25.0.3 with PID 17500 (C:\Users\Hare Krishna\Documents\cdm-system\cdm-backend\target\cdm-backend-1.0.0.jar started by Hare Krishna in C:\Users\Hare Krishna\Documents\cdm-system\cdm-backend)
2026-06-05T23:37:05.852+05:30 DEBUG 17500 --- [           main] com.cdm.CdmApplication                   : Running with Spring Boot v3.3.5, Spring v6.1.14
2026-06-05T23:37:05.852+05:30  INFO 17500 --- [           main] com.cdm.CdmApplication                   : No active profile set, falling back to 1 default profile: "default"
2026-06-05T23:37:06.522+05:30  INFO 17500 --- [           main] .s.d.r.c.RepositoryConfigurationDelegate : Bootstrapping Spring Data JPA repositories in DEFAULT mode.
2026-06-05T23:37:06.588+05:30  INFO 17500 --- [           main] .s.d.r.c.RepositoryConfigurationDelegate : Finished Spring Data repository scanning in 58 ms. Found 4 JPA repository interfaces.
2026-06-05T23:37:07.244+05:30  INFO 17500 --- [           main] o.s.b.w.e.j.JettyServletWebServerFactory : Server initialized with port: 8080
2026-06-05T23:37:07.248+05:30  INFO 17500 --- [           main] org.eclipse.jetty.server.Server          : jetty-12.0.14; built: 2024-09-30T14:22:54.197Z; git: e77516598a07cca826d27fa8a4f7c70e953921a6; jvm 25.0.3+9-LTS
2026-06-05T23:37:07.282+05:30  INFO 17500 --- [           main] o.e.j.s.h.ContextHandler.application     : Initializing Spring embedded WebApplicationContext
2026-06-05T23:37:07.283+05:30  INFO 17500 --- [           main] w.s.c.ServletWebServerApplicationContext : Root WebApplicationContext: initialization completed in 1384 ms
2026-06-05T23:37:07.320+05:30  INFO 17500 --- [           main] com.zaxxer.hikari.HikariDataSource       : HikariPool-1 - Starting...
2026-06-05T23:37:07.575+05:30  INFO 17500 --- [           main] com.zaxxer.hikari.pool.HikariPool        : HikariPool-1 - Added connection conn0: url=jdbc:h2:mem:cdmdb user=SA
2026-06-05T23:37:07.576+05:30  INFO 17500 --- [           main] com.zaxxer.hikari.HikariDataSource       : HikariPool-1 - Start completed.
2026-06-05T23:37:07.589+05:30  INFO 17500 --- [           main] o.s.b.a.h2.H2ConsoleAutoConfiguration    : H2 console available at '/h2-console'. Database available at 'jdbc:h2:mem:cdmdb'
2026-06-05T23:37:07.673+05:30  INFO 17500 --- [           main] o.e.j.session.DefaultSessionIdManager    : Session workerName=node0
2026-06-05T23:37:07.687+05:30  INFO 17500 --- [           main] o.e.jetty.server.handler.ContextHandler  : Started osbwej.JettyEmbeddedWebAppContext@1f66d8e1{application,/,b=file:/C:/CDMTemp/jetty-docbase.8080.15227722339822514603/,a=AVAILABLE,h=oeje10s.SessionHandler@721d5b74{STARTED}}
2026-06-05T23:37:07.688+05:30  INFO 17500 --- [           main] o.e.j.e.servlet.ServletContextHandler    : Started osbwej.JettyEmbeddedWebAppContext@1f66d8e1{application,/,b=file:/C:/CDMTemp/jetty-docbase.8080.15227722339822514603/,a=AVAILABLE,h=oeje10s.SessionHandler@721d5b74{STARTED}}
2026-06-05T23:37:07.708+05:30  INFO 17500 --- [           main] org.eclipse.jetty.server.Server          : Started oejs.Server@23a918c7{STARTING}[12.0.14,sto=0] @2655ms
2026-06-05T23:37:07.785+05:30  INFO 17500 --- [           main] o.hibernate.jpa.internal.util.LogHelper  : HHH000204: Processing PersistenceUnitInfo [name: default]
2026-06-05T23:37:07.850+05:30  INFO 17500 --- [           main] org.hibernate.Version                    : HHH000412: Hibernate ORM core version 6.5.3.Final
2026-06-05T23:37:07.893+05:30  INFO 17500 --- [           main] o.h.c.internal.RegionFactoryInitiator    : HHH000026: Second-level cache disabled
2026-06-05T23:37:08.830+05:30  INFO 17500 --- [           main] o.s.o.j.p.SpringPersistenceUnitInfo      : No LoadTimeWeaver setup: ignoring JPA class transformer
2026-06-05T23:37:09.007+05:30  WARN 17500 --- [           main] org.hibernate.orm.deprecation            : HHH90000025: H2Dialect does not need to be specified explicitly using 'hibernate.dialect' (remove the property setting and it will be selected by default)
2026-06-05T23:37:12.210+05:30  INFO 17500 --- [           main] o.h.e.t.j.p.i.JtaPlatformInitiator       : HHH000489: No JTA platform available (set 'hibernate.transaction.jta.platform' to enable JTA platform integration)
2026-06-05T23:37:12.405+05:30  INFO 17500 --- [           main] j.LocalContainerEntityManagerFactoryBean : Initialized JPA EntityManagerFactory for persistence unit 'default'
2026-06-05T23:37:14.545+05:30  WARN 17500 --- [           main] JpaBaseConfiguration$JpaWebConfiguration : spring.jpa.open-in-view is enabled by default. Therefore, database queries may be performed during view rendering. Explicitly configure spring.jpa.open-in-view to disable this warning
2026-06-05T23:37:15.819+05:30  INFO 17500 --- [           main] o.e.j.s.h.ContextHandler.application     : Initializing Spring DispatcherServlet 'dispatcherServlet'
2026-06-05T23:37:15.820+05:30  INFO 17500 --- [           main] o.s.web.servlet.DispatcherServlet        : Initializing Servlet 'dispatcherServlet'
2026-06-05T23:37:15.823+05:30  INFO 17500 --- [           main] o.s.web.servlet.DispatcherServlet        : Completed initialization in 2 ms
2026-06-05T23:37:15.987+05:30  INFO 17500 --- [           main] o.e.jetty.server.AbstractConnector       : Started ServerConnector@2b33f7a0{HTTP/1.1, (http/1.1)}{0.0.0.0:8080}
2026-06-05T23:37:15.994+05:30  INFO 17500 --- [           main] o.s.b.web.embedded.jetty.JettyWebServer  : Jetty started on port 8080 (http/1.1) with context path '/'
2026-06-05T23:37:16.000+05:30  INFO 17500 --- [           main] o.s.m.s.b.SimpleBrokerMessageHandler     : Starting...
2026-06-05T23:37:16.002+05:30  INFO 17500 --- [           main] o.s.m.s.b.SimpleBrokerMessageHandler     : BrokerAvailabilityEvent[available=true, SimpleBrokerMessageHandler [org.springframework.messaging.simp.broker.DefaultSubscriptionRegistry@7ec729be]]
2026-06-05T23:37:16.002+05:30  INFO 17500 --- [           main] o.s.m.s.b.SimpleBrokerMessageHandler     : Started.
2026-06-05T23:37:16.026+05:30  INFO 17500 --- [           main] com.cdm.CdmApplication                   : Started CdmApplication in 10.533 seconds (process running for 10.977)
2026-06-05T23:37:19.889+05:30  INFO 17500 --- [tp1797112335-43] com.cdm.service.AlertService             : Alert raised: LOW_CASH for machine CDM-001
2026-06-05T23:37:19.922+05:30  INFO 17500 --- [tp1797112335-43] com.cdm.service.AlertService             : WebSocket alert pushed for machine CDM-001
2026-06-05T23:37:19.940+05:30  INFO 17500 --- [tp1797112335-43] com.cdm.service.RefillService            : System refill request raised for machine CDM-001
